Warning: Found unknown `exclude` config for profile `default` defined in foundry.toml.
Warning: Found unknown `exclude` config for profile `lite` defined in foundry.toml.
Warning: Found unknown `fuzz_runs` config for profile `lite` defined in foundry.toml.
Warning: Found unknown `exclude` config for profile `test` defined in foundry.toml.
Compiling 2 files with Solc 0.8.28
Solc 0.8.28 finished in 712.73ms
Compiler run successful!
2026-09-22T04:32:55.923377Z  WARN evm::traces::external: etherscan config not found

Ran 1 test for test/dinosat/libraries/StakingGraphSymbolic.t.sol:DinosatGraphCounterexampleTest
[FAIL: panic: assertion failed (0x01)] test_check_lastAdmittedExpiration() (gas: 884057)
Traces:
  [884057] DinosatGraphCounterexampleTest::test_check_lastAdmittedExpiration()
    ├─ [837508] → new DinosatGraphHarness@0x5615dEB798BB3E4dFa0139dFa1b3D433Cc23b72f
    │   └─ ← [Return] 4183 bytes of code
    ├─ [10914] DinosatGraphHarness::add(1, 4294967293 [4.294e9], 1)
    │   └─ ← [Revert] EvmError: Revert
    └─ ← [Revert] panic: assertion failed (0x01)

Backtrace:
  at DinosatGraphHarness.add
  at DinosatGraphCounterexampleTest.test_check_lastAdmittedExpiration

Suite result: FAILED. 0 passed; 1 failed; 0 skipped; finished in 229.38µs (82.46µs CPU time)

Ran 1 test suite in 93.73ms (229.38µs CPU time): 0 tests passed, 1 failed, 0 skipped (1 total tests)

Failing tests:
Encountered 1 failing test in test/dinosat/libraries/StakingGraphSymbolic.t.sol:DinosatGraphCounterexampleTest
[FAIL: panic: assertion failed (0x01)] test_check_lastAdmittedExpiration() (gas: 884057)

Encountered a total of 1 failing tests, 0 tests succeeded

Tip: Run `forge test --rerun` to retry only the 1 failed test
