Warning: Found unknown `exclude` config for profile `default` defined in foundry.toml.
Warning: Found unknown `exclude` config for profile `lite` defined in foundry.toml.
Warning: Found unknown `fuzz_runs` config for profile `lite` defined in foundry.toml.
Warning: Found unknown `exclude` config for profile `test` defined in foundry.toml.
Compiling 163 files with Solc 0.8.28
Solc 0.8.28 finished in 9.65s
Compiler run successful with warnings:
Warning (5740): Unreachable code.
  --> src/MYTStrategy.sol:84:9:
   |
84 |         uint256 oldAllocation = allocation();
   |         ^^^^^^^^^^^^^^^^^^^^^^^^^^^^^^^^^^^^

Warning (5740): Unreachable code.
  --> src/MYTStrategy.sol:85:9:
   |
85 |         uint256 newAllocation = _totalValue();
   |         ^^^^^^^^^^^^^^^^^^^^^^^^^^^^^^^^^^^^^

Warning (5740): Unreachable code.
  --> src/MYTStrategy.sol:86:9:
   |
86 |         emit Allocate(amountAllocated, address(this));
   |         ^ (Relevant source part starts here and spans across multiple lines).

Warning (5740): Unreachable code.
   --> src/MYTStrategy.sol:115:9:
    |
115 |         uint256 totalValueAfter = _totalValue();
    |         ^^^^^^^^^^^^^^^^^^^^^^^^^^^^^^^^^^^^^^^

Warning (5740): Unreachable code.
   --> src/MYTStrategy.sol:116:9:
    |
116 |         require(totalValueAfter >= assets, "inconsistent totalValue");
    |         ^^^^^^^^^^^^^^^^^^^^^^^^^^^^^^^^^^^^^^^^^^^^^^^^^^^^^^^^^^^^^

Warning (5740): Unreachable code.
   --> src/MYTStrategy.sol:117:9:
    |
117 |         uint256 newAllocation = totalValueAfter - assets;
    |         ^ (Relevant source part starts here and spans across multiple lines).

Warning (5740): Unreachable code.
  --> src/strategies/OraclePricedSwapStrategy.sol:91:9:
   |
91 |         require(sellToken != address(0), "No intermediate token");
   |         ^^^^^^^^^^^^^^^^^^^^^^^^^^^^^^^^^^^^^^^^^^^^^^^^^^^^^^^^^

Warning (5740): Unreachable code.
  --> src/strategies/OraclePricedSwapStrategy.sol:92:9:
   |
92 |         require(sellAmount > 0, "No intermediate amount");
   |         ^^^^^^^^^^^^^^^^^^^^^^^^^^^^^^^^^^^^^^^^^^^^^^^^^

Warning (5740): Unreachable code.
  --> src/strategies/OraclePricedSwapStrategy.sol:94:9:
   |
94 |         dexSwap(_asset(), sellToken, sellAmount, shortfall, callData);
   |         ^^^^^^^^^^^^^^^^^^^^^^^^^^^^^^^^^^^^^^^^^^^^^^^^^^^^^^^^^^^^^

Warning (5740): Unreachable code.
  --> src/strategies/OraclePricedSwapStrategy.sol:95:9:
   |
95 |         uint256 receivedAssets = _idleAssets();
   |         ^^^^^^^^^^^^^^^^^^^^^^^^^^^^^^^^^^^^^^

Warning (5740): Unreachable code.
  --> src/strategies/OraclePricedSwapStrategy.sol:96:9:
   |
96 |         if (receivedAssets < amount) revert InsufficientBalance(amount, receivedAssets);
   |         ^^^^^^^^^^^^^^^^^^^^^^^^^^^^^^^^^^^^^^^^^^^^^^^^^^^^^^^^^^^^^^^^^^^^^^^^^^^^^^^

Warning (5740): Unreachable code.
  --> src/strategies/OraclePricedSwapStrategy.sol:97:9:
   |
97 |         TokenUtils.safeApprove(_asset(), msg.sender, amount);
   |         ^^^^^^^^^^^^^^^^^^^^^^^^^^^^^^^^^^^^^^^^^^^^^^^^^^^^

Warning (5740): Unreachable code.
  --> src/strategies/OraclePricedSwapStrategy.sol:98:9:
   |
98 |         return amount;
   |         ^^^^^^^^^^^^^

Warning (5740): Unreachable code.
  --> src/strategies/OraclePricedSwapStrategy.sol:66:9:
   |
66 |         require(oracleTokenToSwap > 0, "No oracle token to swap");
   |         ^^^^^^^^^^^^^^^^^^^^^^^^^^^^^^^^^^^^^^^^^^^^^^^^^^^^^^^^^

Warning (5740): Unreachable code.
  --> src/strategies/OraclePricedSwapStrategy.sol:68:9:
   |
68 |         dexSwap(_asset(), _oracleToken(), oracleTokenToSwap, shortfall, callData);
   |         ^^^^^^^^^^^^^^^^^^^^^^^^^^^^^^^^^^^^^^^^^^^^^^^^^^^^^^^^^^^^^^^^^^^^^^^^^

Warning (5740): Unreachable code.
  --> src/strategies/OraclePricedSwapStrategy.sol:69:9:
   |
69 |         uint256 receivedAssets = _idleAssets();
   |         ^^^^^^^^^^^^^^^^^^^^^^^^^^^^^^^^^^^^^^

Warning (5740): Unreachable code.
  --> src/strategies/OraclePricedSwapStrategy.sol:70:9:
   |
70 |         if (receivedAssets < amount) revert InsufficientBalance(amount, receivedAssets);
   |         ^^^^^^^^^^^^^^^^^^^^^^^^^^^^^^^^^^^^^^^^^^^^^^^^^^^^^^^^^^^^^^^^^^^^^^^^^^^^^^^

Warning (5740): Unreachable code.
  --> src/strategies/OraclePricedSwapStrategy.sol:71:9:
   |
71 |         TokenUtils.safeApprove(_asset(), msg.sender, amount);
   |         ^^^^^^^^^^^^^^^^^^^^^^^^^^^^^^^^^^^^^^^^^^^^^^^^^^^^

Warning (5740): Unreachable code.
  --> src/strategies/OraclePricedSwapStrategy.sol:72:9:
   |
72 |         return amount;
   |         ^^^^^^^^^^^^^

Warning (5667): Unused function parameter. Remove or comment out the variable name to silence this warning.
  --> src/MYTStrategy.sol:65:58:
   |
65 |     function allocate(bytes memory data, uint256 assets, bytes4 selector, address sender)
   |                                                          ^^^^^^^^^^^^^^^

Warning (5667): Unused function parameter. Remove or comment out the variable name to silence this warning.
  --> src/MYTStrategy.sol:65:75:
   |
65 |     function allocate(bytes memory data, uint256 assets, bytes4 selector, address sender)
   |                                                                           ^^^^^^^^^^^^^^

Warning (5667): Unused function parameter. Remove or comment out the variable name to silence this warning.
  --> src/MYTStrategy.sol:91:77:
   |
91 |     function deallocate(bytes memory data, uint256 assets, bytes4 selector, address sender)
   |                                                                             ^^^^^^^^^^^^^^

Warning (5667): Unused function parameter. Remove or comment out the variable name to silence this warning.
   --> src/MYTStrategy.sol:278:24:
    |
278 |     function _allocate(uint256 amount) internal virtual returns (uint256) {
    |                        ^^^^^^^^^^^^^^

Warning (5667): Unused function parameter. Remove or comment out the variable name to silence this warning.
   --> src/MYTStrategy.sol:286:24:
    |
286 |     function _allocate(uint256 amount, bytes memory callData) internal virtual returns (uint256) {
    |                        ^^^^^^^^^^^^^^

Warning (5667): Unused function parameter. Remove or comment out the variable name to silence this warning.
   --> src/MYTStrategy.sol:286:40:
    |
286 |     function _allocate(uint256 amount, bytes memory callData) internal virtual returns (uint256) {
    |                                        ^^^^^^^^^^^^^^^^^^^^^

Warning (5667): Unused function parameter. Remove or comment out the variable name to silence this warning.
   --> src/MYTStrategy.sol:297:26:
    |
297 |     function _deallocate(uint256 amount) internal virtual returns (uint256) {
    |                          ^^^^^^^^^^^^^^

Warning (5667): Unused function parameter. Remove or comment out the variable name to silence this warning.
   --> src/MYTStrategy.sol:308:26:
    |
308 |     function _deallocate(uint256 amount, bytes memory callData) internal virtual returns (uint256) {
    |                          ^^^^^^^^^^^^^^

Warning (5667): Unused function parameter. Remove or comment out the variable name to silence this warning.
   --> src/MYTStrategy.sol:308:42:
    |
308 |     function _deallocate(uint256 amount, bytes memory callData) internal virtual returns (uint256) {
    |                                          ^^^^^^^^^^^^^^^^^^^^^

Warning (5667): Unused function parameter. Remove or comment out the variable name to silence this warning.
   --> src/MYTStrategy.sol:317:26:
    |
317 |     function _deallocate(uint256 amount, bytes memory callData, uint256 minIntermediateOutAmount) internal virtual returns (uint256) {
    |                          ^^^^^^^^^^^^^^

Warning (5667): Unused function parameter. Remove or comment out the variable name to silence this warning.
   --> src/MYTStrategy.sol:317:42:
    |
317 |     function _deallocate(uint256 amount, bytes memory callData, uint256 minIntermediateOutAmount) internal virtual returns (uint256) {
    |                                          ^^^^^^^^^^^^^^^^^^^^^

Warning (5667): Unused function parameter. Remove or comment out the variable name to silence this warning.
   --> src/MYTStrategy.sol:317:65:
    |
317 |     function _deallocate(uint256 amount, bytes memory callData, uint256 minIntermediateOutAmount) internal virtual returns (uint256) {
    |                                                                 ^^^^^^^^^^^^^^^^^^^^^^^^^^^^^^^^

Warning (5667): Unused function parameter. Remove or comment out the variable name to silence this warning.
   --> src/PerpetualGauge.sol:110:48:
    |
110 |     function registerNewStrategy(uint256 ytId, uint256 strategyId) external nonReentrant {
    |                                                ^^^^^^^^^^^^^^^^^^

Warning (5667): Unused function parameter. Remove or comment out the variable name to silence this warning.
   --> src/strategies/OraclePricedSwapStrategy.sol:214:42:
    |
214 |     function _prepareIntermediateForSwap(uint256 maxOracleTokenIn, uint256 minIntermediateOutAmount)
    |                                          ^^^^^^^^^^^^^^^^^^^^^^^^

Warning (5667): Unused function parameter. Remove or comment out the variable name to silence this warning.
   --> src/strategies/OraclePricedSwapStrategy.sol:214:68:
    |
214 |     function _prepareIntermediateForSwap(uint256 maxOracleTokenIn, uint256 minIntermediateOutAmount)
    |                                                                    ^^^^^^^^^^^^^^^^^^^^^^^^^^^^^^^^

Warning (5667): Unused function parameter. Remove or comment out the variable name to silence this warning.
   --> src/strategies/OraclePricedSwapStrategy.sol:217:18:
    |
217 |         returns (address sellToken, uint256 sellAmount)
    |                  ^^^^^^^^^^^^^^^^^

Warning (5667): Unused function parameter. Remove or comment out the variable name to silence this warning.
   --> src/strategies/OraclePricedSwapStrategy.sol:217:37:
    |
217 |         returns (address sellToken, uint256 sellAmount)
    |                                     ^^^^^^^^^^^^^^^^^^

Warning (5667): Unused function parameter. Remove or comment out the variable name to silence this warning.
   --> src/utils/ZeroXSwapVerifier.sol:195:58:
    |
195 |     function _verifyBasicSellToPool(bytes memory action, address owner, address targetToken, uint256 maxSlippageBps) internal view {
    |                                                          ^^^^^^^^^^^^^

Warning (5667): Unused function parameter. Remove or comment out the variable name to silence this warning.
   --> src/utils/ZeroXSwapVerifier.sol:209:55:
    |
209 |     function _verifyUniswapV3VIP(bytes memory action, address owner, address targetToken, uint256 maxSlippageBps) internal view {
    |                                                       ^^^^^^^^^^^^^

Warning (5667): Unused function parameter. Remove or comment out the variable name to silence this warning.
   --> src/utils/ZeroXSwapVerifier.sol:225:49:
    |
225 |     function _verifyRFQVIP(bytes memory action, address owner, address targetToken, uint256 targetAmount) internal view {
    |                                                 ^^^^^^^^^^^^^

Warning (5667): Unused function parameter. Remove or comment out the variable name to silence this warning.
   --> src/utils/ZeroXSwapVerifier.sol:225:85:
    |
225 |     function _verifyRFQVIP(bytes memory action, address owner, address targetToken, uint256 targetAmount) internal view {
    |                                                                                     ^^^^^^^^^^^^^^^^^^^^

Warning (2072): Unused local variable.
   --> src/utils/ZeroXSwapVerifier.sol:229:29:
    |
229 |         (address sellToken, uint256 amount) = _extractTokenAndAmountFromRFQ(fillData);
    |                             ^^^^^^^^^^^^^^

Warning (5667): Unused function parameter. Remove or comment out the variable name to silence this warning.
   --> src/utils/ZeroXSwapVerifier.sol:238:55:
    |
238 |     function _verifyTransferFrom(bytes memory action, address owner, address targetToken, uint256 targetAmount) internal view {
    |                                                       ^^^^^^^^^^^^^

Warning (5667): Unused function parameter. Remove or comment out the variable name to silence this warning.
   --> src/utils/ZeroXSwapVerifier.sol:238:91:
    |
238 |     function _verifyTransferFrom(bytes memory action, address owner, address targetToken, uint256 targetAmount) internal view {
    |                                                                                           ^^^^^^^^^^^^^^^^^^^^

Warning (2072): Unused local variable.
   --> src/utils/ZeroXSwapVerifier.sol:239:29:
    |
239 |         (address token, , , uint256 amount) = abi.decode(
    |                             ^^^^^^^^^^^^^^

Warning (5667): Unused function parameter. Remove or comment out the variable name to silence this warning.
   --> src/utils/ZeroXSwapVerifier.sol:251:66:
    |
251 |     function _verifySellToLiquidityProvider(bytes memory action, address owner, address targetToken, uint256 targetAmount) internal view {
    |                                                                  ^^^^^^^^^^^^^

Warning (5667): Unused function parameter. Remove or comment out the variable name to silence this warning.
   --> src/utils/ZeroXSwapVerifier.sol:251:102:
    |
251 |     function _verifySellToLiquidityProvider(bytes memory action, address owner, address targetToken, uint256 targetAmount) internal view {
    |                                                                                                      ^^^^^^^^^^^^^^^^^^^^

Warning (2072): Unused local variable.
   --> src/utils/ZeroXSwapVerifier.sol:252:31:
    |
252 |         (address sellToken, , uint256 sellAmount, , ) = abi.decode(
    |                               ^^^^^^^^^^^^^^^^^^

Warning (5667): Unused function parameter. Remove or comment out the variable name to silence this warning.
   --> src/utils/ZeroXSwapVerifier.sol:264:57:
    |
264 |     function _verifyVelodromeV2VIP(bytes memory action, address owner, address targetToken, uint256 maxSlippageBps) internal view {
    |                                                         ^^^^^^^^^^^^^

Warning (2018): Function state mutability can be restricted to pure
   --> src/Transmuter.sol:166:5:
    |
166 |     function tokenURI(uint256 id) public view override returns (string memory) {
    |     ^ (Relevant source part starts here and spans across multiple lines).

Warning (2018): Function state mutability can be restricted to view
   --> src/strategies/EtherfiEETHStrategy.sol:175:5:
    |
175 |     function _prepareOracleTokenForSwap(uint256 maxOracleTokenIn) internal override returns (uint256) {
    |     ^ (Relevant source part starts here and spans across multiple lines).

Warning (2018): Function state mutability can be restricted to pure
   --> src/utils/ZeroXSwapVerifier.sol:195:5:
    |
195 |     function _verifyBasicSellToPool(bytes memory action, address owner, address targetToken, uint256 maxSlippageBps) internal view {
    |     ^ (Relevant source part starts here and spans across multiple lines).

Warning (2018): Function state mutability can be restricted to pure
   --> src/utils/ZeroXSwapVerifier.sol:209:5:
    |
209 |     function _verifyUniswapV3VIP(bytes memory action, address owner, address targetToken, uint256 maxSlippageBps) internal view {
    |     ^ (Relevant source part starts here and spans across multiple lines).

Warning (2018): Function state mutability can be restricted to pure
   --> src/utils/ZeroXSwapVerifier.sol:225:5:
    |
225 |     function _verifyRFQVIP(bytes memory action, address owner, address targetToken, uint256 targetAmount) internal view {
    |     ^ (Relevant source part starts here and spans across multiple lines).

Warning (2018): Function state mutability can be restricted to pure
   --> src/utils/ZeroXSwapVerifier.sol:238:5:
    |
238 |     function _verifyTransferFrom(bytes memory action, address owner, address targetToken, uint256 targetAmount) internal view {
    |     ^ (Relevant source part starts here and spans across multiple lines).

Warning (2018): Function state mutability can be restricted to pure
   --> src/utils/ZeroXSwapVerifier.sol:251:5:
    |
251 |     function _verifySellToLiquidityProvider(bytes memory action, address owner, address targetToken, uint256 targetAmount) internal view {
    |     ^ (Relevant source part starts here and spans across multiple lines).

Warning (2018): Function state mutability can be restricted to pure
   --> src/utils/ZeroXSwapVerifier.sol:264:5:
    |
264 |     function _verifyVelodromeV2VIP(bytes memory action, address owner, address targetToken, uint256 maxSlippageBps) internal view {
    |     ^ (Relevant source part starts here and spans across multiple lines).

2026-09-22T04:32:14.898434Z  WARN evm::traces::external: etherscan config not found

Ran 1 test for test/dinosat/libraries/MathAndCastSymbolic.t.sol:DinosatMathCounterexampleTest
[FAIL: panic: assertion failed (0x01)] test_check_qDivBoundary() (gas: 1267319)
Traces:
  [1267319] DinosatMathCounterexampleTest::test_check_qDivBoundary()
    ├─ [1228714] → new DinosatMathHarness@0x5615dEB798BB3E4dFa0139dFa1b3D433Cc23b72f
    │   └─ ← [Return] 6137 bytes of code
    ├─ [2319] DinosatMathHarness::qd(340282366920938463463374607431768211456 [3.402e38], 680564733841876926926749214863536422912 [6.805e38]) [staticcall]
    │   └─ ← [Return] 0
    └─ ← [Revert] panic: assertion failed (0x01)

Backtrace:
  at DinosatMathCounterexampleTest.test_check_qDivBoundary

Suite result: FAILED. 0 passed; 1 failed; 0 skipped; finished in 3.62ms (834.17µs CPU time)

Ran 1 test suite in 106.48ms (3.62ms CPU time): 0 tests passed, 1 failed, 0 skipped (1 total tests)

Failing tests:
Encountered 1 failing test in test/dinosat/libraries/MathAndCastSymbolic.t.sol:DinosatMathCounterexampleTest
[FAIL: panic: assertion failed (0x01)] test_check_qDivBoundary() (gas: 1267319)

Encountered a total of 1 failing tests, 0 tests succeeded

Tip: Run `forge test --rerun` to retry only the 1 failed test
